Item 15                                                                                             
Line2                                                                                               
Item 16                                                                                             
Line2                                                                                               
Item 17                                                                                             
Line2                                                                                               
Item 18                                                                                             
Line2                                                                                               
│Item 19                                                                                            
│Line2                                                                                              